// Jest Snapshot v1, https://goo.gl/fbAQLP

exports[`Rasa React Wrapper it renders web component 1`] = `
<rasa-chatbot-widget
  class="hydrated"
  server-url="https://pro.example.com"
/>
`;
